/Users/lucasrietsch/Library/Python/3.9/lib/python/site-packages/urllib3/__init__.py:35: NotOpenSSLWarning: urllib3 v2 only supports OpenSSL 1.1.1+, currently the 'ssl' module is compiled with 'LibreSSL 2.8.3'. See: https://github.com/urllib3/urllib3/issues/3020
  warnings.warn(

======================================================================
[1/3] TV1 -> DRILLROOM TV1 (id 499083)
======================================================================
Target screen: DRILLROOM TV1 (id 499083)
Using tag: TV1


42 schedule slot(s) matched across 24 folder(s).
  0 already on the screen, 42 to add this run.
  AbleSign allows roughly 28/hour writes on this screen, so a fresh run of 42 item(s) takes roughly 1h30m if nothing else has recently written to this screen. Safe to interrupt and rerun the same command any time - already-added items are skipped automatically.

[1/42] added ABS ASSAULT: Friday 07:16-08:30  (elapsed 0s, ~1h27m left, 41 remaining)
[2/42] added ATHLETIC CONDITIONING [POWER] WEEKS 1 2: Thursday 18:31-19:45  (elapsed 0s, ~1h25m left, 40 remaining)
[3/42] added ATHLETIC CONDITIONING [POWER] WEEKS 3 4: Thursday 18:31-19:45  (elapsed 1s, ~1h23m left, 39 remaining)
[4/42] added ATHLETIC CONDITIONING [SPEED] WEEKS 1 2: Tuesday 18:31-19:45  (elapsed 1s, ~1h21m left, 38 remaining)
[5/42] added ATHLETIC CONDITIONING [SPEED] WEEKS 3 4: Tuesday 18:31-19:45  (elapsed 2s, ~1h19m left, 37 remaining)
[6/42] added BARBELL CLUB: Monday 13:01-17:15  (elapsed 2s, ~1h17m left, 36 remaining)
[7/42] added BARBELL CLUB: Wednesday 19:46-21:00  (elapsed 3s, ~1h15m left, 35 remaining)
[8/42] added BOOTCAMP [FRIDAY] WEEKS 1 2: Friday 17:16-18:30  (elapsed 3s, ~1h12m left, 34 remaining)
[9/42] added BOOTCAMP [FRIDAY] WEEKS 3 4: Friday 17:16-18:30  (elapsed 4s, ~1h10m left, 33 remaining)
[10/42] added BOOTCAMP [MONDAY] WEEKS 1 2: Monday 17:16-18:30  (elapsed 4s, ~1h08m left, 32 remaining)
[11/42] added BOOTCAMP [MONDAY] WEEKS 3 4: Monday 17:16-18:30  (elapsed 5s, ~1h06m left, 31 remaining)
[12/42] added BOOTY BUILDER: Sunday 12:16-14:00  (elapsed 6s, ~1h04m left, 30 remaining)
[13/42] added FULL BODY BUILD [PULL]: Friday 05:00-07:15  (elapsed 6s, ~1h02m left, 29 remaining)
    [screen 499083] pacing under AbleSign's rate limit, sleeping 54s...
[14/42] added FULL BODY BUILD [PULL]: Friday 08:31-13:00  (elapsed 1m01s, ~1h00m left, 28 remaining)
[15/42] added FULL BODY BUILD [PULL]: Friday 18:31-19:45  (elapsed 1m01s, ~57m51s left, 27 remaining)
[16/42] added FULL BODY BUILD [PUSH]: Monday 05:00-07:15  (elapsed 1m02s, ~55m42s left, 26 remaining)
[17/42] added FULL BODY BUILD [PUSH]: Monday 07:16-08:30  (elapsed 1m02s, ~53m34s left, 25 remaining)
[18/42] added FULL BODY BUILD [PUSH]: Monday 08:31-13:00  (elapsed 1m03s, ~51m25s left, 24 remaining)
[19/42] added FULL BODY BUILD [PUSH]: Monday 12:00-13:00  (elapsed 1m03s, ~49m17s left, 23 remaining)
[20/42] added FULL BODY BUILD [PUSH]: Monday 18:31-19:45  (elapsed 1m04s, ~47m08s left, 22 remaining)
[21/42] added FULL BODY BUILD [PUSH]: Saturday 11:46-13:01  (elapsed 1m04s, ~45m00s left, 21 remaining)
[22/42] added HYBRID 75 AUG HOLIDAY: Monday 09:00-11:45  (elapsed 1m05s, ~42m51s left, 20 remaining)
[23/42] added HYBRID 75 WEEKS 1 2: Saturday 05:00-11:45  (elapsed 1m05s, ~40m42s left, 19 remaining)
[24/42] added HYBRID 75 WEEKS 3 4: Saturday 05:00-11:45  (elapsed 1m06s, ~38m34s left, 18 remaining)
[25/42] added HYROX CONDITIONING: Tuesday 05:00-07:15  (elapsed 1m06s, ~36m25s left, 17 remaining)
[26/42] added HYROX CONDITIONING: Tuesday 08:31-13:00  (elapsed 1m07s, ~34m17s left, 16 remaining)
    [screen 499083] pacing under AbleSign's rate limit, sleeping 55s...
[27/42] added HYROX CONDITIONING: Wednesday 17:16-18:30  (elapsed 2m02s, ~32m08s left, 15 remaining)
[28/42] added HYROX SIM [WEEKS 1 2]: Sunday 09:00-12:15  (elapsed 2m02s, ~30m00s left, 14 remaining)
    [screen 499083] pacing under AbleSign's rate limit, sleeping 3478s...
[29/42] added HYROX SIM [WEEKS 3 4]: Sunday 09:00-12:15  (elapsed 1h00m, ~27m51s left, 13 remaining)
[30/42] added HYROX STRENGTH: Wednesday 07:16-08:30  (elapsed 1h00m, ~25m42s left, 12 remaining)
[31/42] added HYROX STRENGTH: Thursday 05:00-07:15  (elapsed 1h00m, ~23m34s left, 11 remaining)
[32/42] added HYROX STRENGTH: Thursday 08:31-13:00  (elapsed 1h00m, ~21m25s left, 10 remaining)
[33/42] added HYROX WOD: Friday 13:01-17:15  (elapsed 1h00m, ~19m17s left, 9 remaining)
[34/42] added LOWER BODY BUILD: Wednesday 13:01-17:15  (elapsed 1h00m, ~17m08s left, 8 remaining)
[35/42] added LOWER BODY BUILD: Wednesday 18:31-19:45  (elapsed 1h00m, ~15m00s left, 7 remaining)
[36/42] added LOWER BODY BUILD: Thursday 07:16-08:30  (elapsed 1h00m, ~12m51s left, 6 remaining)
[37/42] added LOWER BODY BUILD: Thursday 13:01-18:30  (elapsed 1h00m, ~10m42s left, 5 remaining)
[38/42] added UPPER BODY BUILD [PROGRAM A]: Tuesday 07:16-08:30  (elapsed 1h00m, ~8m34s left, 4 remaining)
[39/42] added UPPER BODY BUILD [PROGRAM A]: Tuesday 13:01-18:30  (elapsed 1h00m, ~6m25s left, 3 remaining)
[40/42] added UPPER BODY BUILD [PROGRAM A]: Tuesday 19:46-21:00  (elapsed 1h00m, ~4m17s left, 2 remaining)
    [screen 499083] pacing under AbleSign's rate limit, sleeping 1s...
[41/42] added UPPER BODY BUILD [PROGRAM B]: Wednesday 05:00-07:15  (elapsed 1h00m, ~2m08s left, 1 remaining)
    [screen 499083] pacing under AbleSign's rate limit, sleeping 54s...
[42/42] added UPPER BODY BUILD [PROGRAM B]: Wednesday 08:31-13:00  (elapsed 1h01m, ~0s left, 0 remaining)

Screen done. 42 item(s) added, 0 already present and skipped.

======================================================================
[2/3] TV3 -> DRILLROOM TV3 (id 499094)
======================================================================
Target screen: DRILLROOM TV3 (id 499094)
Using tag: TV3


42 schedule slot(s) matched across 24 folder(s).
  0 already on the screen, 42 to add this run.
  AbleSign allows roughly 28/hour writes on this screen, so a fresh run of 42 item(s) takes roughly 1h30m if nothing else has recently written to this screen. Safe to interrupt and rerun the same command any time - already-added items are skipped automatically.

[1/42] added ABS ASSAULT: Friday 07:16-08:30  (elapsed 0s, ~1h27m left, 41 remaining)
[2/42] added ATHLETIC CONDITIONING [POWER] WEEKS 1 2: Thursday 18:31-19:45  (elapsed 0s, ~1h25m left, 40 remaining)
[3/42] added ATHLETIC CONDITIONING [POWER] WEEKS 3 4: Thursday 18:31-19:45  (elapsed 1s, ~1h23m left, 39 remaining)
[4/42] added ATHLETIC CONDITIONING [SPEED] WEEKS 1 2: Tuesday 18:31-19:45  (elapsed 1s, ~1h21m left, 38 remaining)
[5/42] added ATHLETIC CONDITIONING [SPEED] WEEKS 3 4: Tuesday 18:31-19:45  (elapsed 2s, ~1h19m left, 37 remaining)
[6/42] added BARBELL CLUB: Monday 13:01-17:15  (elapsed 2s, ~1h17m left, 36 remaining)
[7/42] added BARBELL CLUB: Wednesday 19:46-21:00  (elapsed 3s, ~1h15m left, 35 remaining)
[8/42] added BOOTCAMP [FRIDAY] WEEKS 1 2: Friday 17:16-18:30  (elapsed 3s, ~1h12m left, 34 remaining)
[9/42] added BOOTCAMP [FRIDAY] WEEKS 3 4: Friday 17:16-18:30  (elapsed 4s, ~1h10m left, 33 remaining)
[10/42] added BOOTCAMP [MONDAY] WEEKS 1 2: Monday 17:16-18:30  (elapsed 4s, ~1h08m left, 32 remaining)
[11/42] added BOOTCAMP [MONDAY] WEEKS 3 4: Monday 17:16-18:30  (elapsed 5s, ~1h06m left, 31 remaining)
[12/42] added BOOTY BUILDER: Sunday 12:16-14:00  (elapsed 5s, ~1h04m left, 30 remaining)
[13/42] added FULL BODY BUILD [PULL]: Friday 05:00-07:15  (elapsed 6s, ~1h02m left, 29 remaining)
    [screen 499094] pacing under AbleSign's rate limit, sleeping 55s...
[14/42] added FULL BODY BUILD [PULL]: Friday 08:31-13:00  (elapsed 1m01s, ~1h00m left, 28 remaining)
[15/42] added FULL BODY BUILD [PULL]: Friday 18:31-19:45  (elapsed 1m02s, ~57m51s left, 27 remaining)
[16/42] added FULL BODY BUILD [PUSH]: Monday 05:00-07:15  (elapsed 1m02s, ~55m42s left, 26 remaining)
[17/42] added FULL BODY BUILD [PUSH]: Monday 07:16-08:30  (elapsed 1m03s, ~53m34s left, 25 remaining)
[18/42] added FULL BODY BUILD [PUSH]: Monday 08:31-13:00  (elapsed 1m03s, ~51m25s left, 24 remaining)
[19/42] added FULL BODY BUILD [PUSH]: Monday 12:00-13:00  (elapsed 1m03s, ~49m17s left, 23 remaining)
[20/42] added FULL BODY BUILD [PUSH]: Monday 18:31-19:45  (elapsed 1m04s, ~47m08s left, 22 remaining)
[21/42] added FULL BODY BUILD [PUSH]: Saturday 11:46-13:01  (elapsed 1m04s, ~45m00s left, 21 remaining)
[22/42] added HYBRID 75 AUG HOLIDAY: Monday 09:00-11:45  (elapsed 1m05s, ~42m51s left, 20 remaining)
[23/42] added HYBRID 75 WEEKS 1 2: Saturday 05:00-11:45  (elapsed 1m05s, ~40m42s left, 19 remaining)
[24/42] added HYBRID 75 WEEKS 3 4: Saturday 05:00-11:45  (elapsed 1m05s, ~38m34s left, 18 remaining)
[25/42] added HYROX CONDITIONING: Tuesday 05:00-07:15  (elapsed 1m06s, ~36m25s left, 17 remaining)
[26/42] added HYROX CONDITIONING: Tuesday 08:31-13:00  (elapsed 1m06s, ~34m17s left, 16 remaining)
    [screen 499094] pacing under AbleSign's rate limit, sleeping 55s...
[27/42] added HYROX CONDITIONING: Wednesday 17:16-18:30  (elapsed 2m02s, ~32m08s left, 15 remaining)
[28/42] added HYROX SIM [WEEKS 1 2]: Sunday 09:00-12:15  (elapsed 2m03s, ~30m00s left, 14 remaining)
    [screen 499094] pacing under AbleSign's rate limit, sleeping 3478s...
[29/42] added HYROX SIM [WEEKS 3 4]: Sunday 09:00-12:15  (elapsed 1h00m, ~27m51s left, 13 remaining)
[30/42] added HYROX STRENGTH: Wednesday 07:16-08:30  (elapsed 1h00m, ~25m42s left, 12 remaining)
[31/42] added HYROX STRENGTH: Thursday 05:00-07:15  (elapsed 1h00m, ~23m34s left, 11 remaining)
[32/42] added HYROX STRENGTH: Thursday 08:31-13:00  (elapsed 1h00m, ~21m25s left, 10 remaining)
[33/42] added HYROX WOD: Friday 13:01-17:15  (elapsed 1h00m, ~19m17s left, 9 remaining)
[34/42] added LOWER BODY BUILD: Wednesday 13:01-17:15  (elapsed 1h00m, ~17m08s left, 8 remaining)
[35/42] added LOWER BODY BUILD: Wednesday 18:31-19:45  (elapsed 1h00m, ~15m00s left, 7 remaining)
[36/42] added LOWER BODY BUILD: Thursday 07:16-08:30  (elapsed 1h00m, ~12m51s left, 6 remaining)
[37/42] added LOWER BODY BUILD: Thursday 13:01-18:30  (elapsed 1h00m, ~10m42s left, 5 remaining)
[38/42] added UPPER BODY BUILD [PROGRAM A]: Tuesday 07:16-08:30  (elapsed 1h00m, ~8m34s left, 4 remaining)
[39/42] added UPPER BODY BUILD [PROGRAM A]: Tuesday 13:01-18:30  (elapsed 1h00m, ~6m25s left, 3 remaining)
[40/42] added UPPER BODY BUILD [PROGRAM A]: Tuesday 19:46-21:00  (elapsed 1h00m, ~4m17s left, 2 remaining)
[41/42] added UPPER BODY BUILD [PROGRAM B]: Wednesday 05:00-07:15  (elapsed 1h00m, ~2m08s left, 1 remaining)
    [screen 499094] pacing under AbleSign's rate limit, sleeping 56s...
[42/42] added UPPER BODY BUILD [PROGRAM B]: Wednesday 08:31-13:00  (elapsed 1h01m, ~0s left, 0 remaining)

Screen done. 42 item(s) added, 0 already present and skipped.

======================================================================
[3/3] TV5 -> DRILLROOM TV5 (id 499095)
======================================================================
Target screen: DRILLROOM TV5 (id 499095)
Using tag: TV5


42 schedule slot(s) matched across 24 folder(s).
  0 already on the screen, 42 to add this run.
  AbleSign allows roughly 28/hour writes on this screen, so a fresh run of 42 item(s) takes roughly 1h30m if nothing else has recently written to this screen. Safe to interrupt and rerun the same command any time - already-added items are skipped automatically.

[1/42] added ABS ASSAULT: Friday 07:16-08:30  (elapsed 0s, ~1h27m left, 41 remaining)
[2/42] added ATHLETIC CONDITIONING [POWER] WEEKS 1 2: Thursday 18:31-19:45  (elapsed 0s, ~1h25m left, 40 remaining)
[3/42] added ATHLETIC CONDITIONING [POWER] WEEKS 3 4: Thursday 18:31-19:45  (elapsed 1s, ~1h23m left, 39 remaining)
[4/42] added ATHLETIC CONDITIONING [SPEED] WEEKS 1 2: Tuesday 18:31-19:45  (elapsed 1s, ~1h21m left, 38 remaining)
[5/42] added ATHLETIC CONDITIONING [SPEED] WEEKS 3 4: Tuesday 18:31-19:45  (elapsed 2s, ~1h19m left, 37 remaining)
[6/42] added BARBELL CLUB: Monday 13:01-17:15  (elapsed 2s, ~1h17m left, 36 remaining)
[7/42] added BARBELL CLUB: Wednesday 19:46-21:00  (elapsed 3s, ~1h15m left, 35 remaining)
[8/42] added BOOTCAMP [FRIDAY] WEEKS 1 2: Friday 17:16-18:30  (elapsed 3s, ~1h12m left, 34 remaining)
[9/42] added BOOTCAMP [FRIDAY] WEEKS 3 4: Friday 17:16-18:30  (elapsed 3s, ~1h10m left, 33 remaining)
[10/42] added BOOTCAMP [MONDAY] WEEKS 1 2: Monday 17:16-18:30  (elapsed 4s, ~1h08m left, 32 remaining)
[11/42] added BOOTCAMP [MONDAY] WEEKS 3 4: Monday 17:16-18:30  (elapsed 4s, ~1h06m left, 31 remaining)
[12/42] added BOOTY BUILDER: Sunday 12:16-14:00  (elapsed 5s, ~1h04m left, 30 remaining)
[13/42] added FULL BODY BUILD [PULL]: Friday 05:00-07:15  (elapsed 5s, ~1h02m left, 29 remaining)
    [screen 499095] pacing under AbleSign's rate limit, sleeping 55s...
[14/42] added FULL BODY BUILD [PULL]: Friday 08:31-13:00  (elapsed 1m01s, ~1h00m left, 28 remaining)
[15/42] added FULL BODY BUILD [PULL]: Friday 18:31-19:45  (elapsed 1m01s, ~57m51s left, 27 remaining)
[16/42] added FULL BODY BUILD [PUSH]: Monday 05:00-07:15  (elapsed 1m02s, ~55m42s left, 26 remaining)
[17/42] added FULL BODY BUILD [PUSH]: Monday 07:16-08:30  (elapsed 1m02s, ~53m34s left, 25 remaining)
[18/42] added FULL BODY BUILD [PUSH]: Monday 08:31-13:00  (elapsed 1m03s, ~51m25s left, 24 remaining)
[19/42] added FULL BODY BUILD [PUSH]: Monday 12:00-13:00  (elapsed 1m03s, ~49m17s left, 23 remaining)
[20/42] added FULL BODY BUILD [PUSH]: Monday 18:31-19:45  (elapsed 1m04s, ~47m08s left, 22 remaining)
[21/42] added FULL BODY BUILD [PUSH]: Saturday 11:46-13:01  (elapsed 1m04s, ~45m00s left, 21 remaining)
[22/42] added HYBRID 75 AUG HOLIDAY: Monday 09:00-11:45  (elapsed 1m05s, ~42m51s left, 20 remaining)
[23/42] added HYBRID 75 WEEKS 1 2: Saturday 05:00-11:45  (elapsed 1m05s, ~40m42s left, 19 remaining)
[24/42] added HYBRID 75 WEEKS 3 4: Saturday 05:00-11:45  (elapsed 1m06s, ~38m34s left, 18 remaining)
[25/42] added HYROX CONDITIONING: Tuesday 05:00-07:15  (elapsed 1m06s, ~36m25s left, 17 remaining)
[26/42] added HYROX CONDITIONING: Tuesday 08:31-13:00  (elapsed 1m07s, ~34m17s left, 16 remaining)
    [screen 499095] pacing under AbleSign's rate limit, sleeping 55s...
[27/42] added HYROX CONDITIONING: Wednesday 17:16-18:30  (elapsed 2m02s, ~32m08s left, 15 remaining)
[28/42] added HYROX SIM [WEEKS 1 2]: Sunday 09:00-12:15  (elapsed 2m03s, ~30m00s left, 14 remaining)
    [screen 499095] pacing under AbleSign's rate limit, sleeping 3478s...
[29/42] added HYROX SIM [WEEKS 3 4]: Sunday 09:00-12:15  (elapsed 1h00m, ~27m51s left, 13 remaining)
[30/42] added HYROX STRENGTH: Wednesday 07:16-08:30  (elapsed 1h00m, ~25m42s left, 12 remaining)
[31/42] added HYROX STRENGTH: Thursday 05:00-07:15  (elapsed 1h00m, ~23m34s left, 11 remaining)
[32/42] added HYROX STRENGTH: Thursday 08:31-13:00  (elapsed 1h00m, ~21m25s left, 10 remaining)
[33/42] added HYROX WOD: Friday 13:01-17:15  (elapsed 1h00m, ~19m17s left, 9 remaining)
[34/42] added LOWER BODY BUILD: Wednesday 13:01-17:15  (elapsed 1h00m, ~17m08s left, 8 remaining)
[35/42] added LOWER BODY BUILD: Wednesday 18:31-19:45  (elapsed 1h00m, ~15m00s left, 7 remaining)
[36/42] added LOWER BODY BUILD: Thursday 07:16-08:30  (elapsed 1h00m, ~12m51s left, 6 remaining)
[37/42] added LOWER BODY BUILD: Thursday 13:01-18:30  (elapsed 1h00m, ~10m42s left, 5 remaining)
[38/42] added UPPER BODY BUILD [PROGRAM A]: Tuesday 07:16-08:30  (elapsed 1h00m, ~8m34s left, 4 remaining)
[39/42] added UPPER BODY BUILD [PROGRAM A]: Tuesday 13:01-18:30  (elapsed 1h00m, ~6m25s left, 3 remaining)
[40/42] added UPPER BODY BUILD [PROGRAM A]: Tuesday 19:46-21:00  (elapsed 1h00m, ~4m17s left, 2 remaining)
[41/42] added UPPER BODY BUILD [PROGRAM B]: Wednesday 05:00-07:15  (elapsed 1h00m, ~2m08s left, 1 remaining)
    [screen 499095] pacing under AbleSign's rate limit, sleeping 55s...
[42/42] added UPPER BODY BUILD [PROGRAM B]: Wednesday 08:31-13:00  (elapsed 1h01m, ~0s left, 0 remaining)

Screen done. 42 item(s) added, 0 already present and skipped.

======================================================================
All screens done. 126 item(s) added in total, 0 already present and skipped.
